// Jest Snapshot v1, https://goo.gl/fbAQLP

exports[`ReComponent errors when no \`reducer\` method is defined 1`] = `"Example(...): No \`reducer\` method found on the returned component instance: did you define a reducer?"`;
